../Core/Src/main.c:96:9:get_checksum	24	static
../Core/Src/main.c:106:9:check_write_errors	16	static
../Core/Src/main.c:110:9:write_to_memory	328	static
../Core/Src/main.c:141:9:check_read_errors	16	static
../Core/Src/main.c:145:9:read_from_memory	312	static
../Core/Src/main.c:184:6:transmit_uart_message	16	static
../Core/Src/main.c:190:6:USART1_IRQHandler	88	static
../Core/Src/main.c:233:5:main	16	static
../Core/Src/main.c:301:6:SystemClock_Config	72	static
../Core/Src/main.c:340:13:MX_SPI1_Init	8	static
../Core/Src/main.c:378:13:MX_USART1_UART_Init	8	static
../Core/Src/main.c:411:13:MX_GPIO_Init	48	static
../Core/Src/main.c:477:6:Error_Handler	4	static,ignoring_inline_asm
