../Core/Src/main.c:107:6:hex2int	24	static
../Core/Src/main.c:129:9:get_checksum	24	static
../Core/Src/main.c:139:9:check_write_errors	16	static
../Core/Src/main.c:143:9:write_to_memory	328	static
../Core/Src/main.c:181:9:check_read_errors	16	static
../Core/Src/main.c:185:9:read_from_memory	328	static
../Core/Src/main.c:224:6:transmit_uart_message	16	static
../Core/Src/main.c:232:6:HAL_UART_RxCpltCallback	24	static
../Core/Src/main.c:266:5:main	24	static
../Core/Src/main.c:358:6:SystemClock_Config	72	static
../Core/Src/main.c:397:13:MX_SPI1_Init	8	static
../Core/Src/main.c:435:13:MX_USART1_UART_Init	8	static
../Core/Src/main.c:468:13:MX_GPIO_Init	48	static
../Core/Src/main.c:534:6:Error_Handler	4	static,ignoring_inline_asm
