../Core/Src/main.c:107:9:get_checksum	0	static
../Core/Src/main.c:117:9:check_write_errors	0	static
../Core/Src/main.c:121:9:write_to_memory	320	static
../Core/Src/main.c:152:9:check_read_errors	0	static
../Core/Src/main.c:156:9:read_from_memory	328	static
../Core/Src/main.c:195:6:transmit_uart_message	0	static
../Core/Src/main.c:201:6:HAL_UART_RxCpltCallback	8	static
../Core/Src/main.c:315:6:SystemClock_Config	72	static,ignoring_inline_asm
../Core/Src/main.c:233:5:main	56	static,ignoring_inline_asm
../Core/Src/main.c:491:6:Error_Handler	0	static,ignoring_inline_asm
